[
  {
    "$id": "https://metatype.dev/specs/0.0.1.json",
    "types": [
      {
        "type": "object",
        "title": "test-types",
        "runtime": 0,
        "policies": [],
        "config": {},
        "properties": {
          "one": 1,
          "two": 6
        },
        "required": [
          "one",
          "two"
        ]
      },
      {
        "type": "function",
        "title": "func_9",
        "runtime": 0,
        "policies": [],
        "config": {},
        "input": 2,
        "output": 5,
        "materializer": 0,
        "rate_weight": null,
        "rate_calls": false
      },
      {
        "type": "object",
        "title": "object_2",
        "runtime": 0,
        "policies": [],
        "config": {},
        "properties": {
          "a": 3,
          "b": 4
        },
        "required": []
      },
      {
        "type": "integer",
        "title": "integer_0",
        "runtime": 0,
        "policies": [],
        "config": {}
      },
      {
        "type": "integer",
        "title": "integer_1",
        "runtime": 0,
        "policies": [],
        "config": {},
        "minimum": 12
      },
      {
        "type": "integer",
        "title": "integer_3",
        "runtime": 0,
        "policies": [],
        "config": {},
        "minimum": 12,
        "maximum": 43
      },
      {
        "type": "function",
        "title": "func_10",
        "runtime": 0,
        "policies": [],
        "config": {},
        "input": 7,
        "output": 9,
        "materializer": 0,
        "rate_weight": null,
        "rate_calls": false
      },
      {
        "type": "object",
        "title": "object_6",
        "runtime": 0,
        "policies": [],
        "config": {},
        "properties": {
          "id": 8,
          "post": 9
        },
        "required": []
      },
      {
        "type": "integer",
        "title": "integer_4",
        "runtime": 0,
        "policies": [],
        "config": {}
      },
      {
        "type": "object",
        "title": "object_8",
        "runtime": 0,
        "policies": [],
        "config": {},
        "properties": {
          "id": 10,
          "user": 7
        },
        "required": []
      },
      {
        "type": "integer",
        "title": "integer_7",
        "runtime": 0,
        "policies": [],
        "config": {}
      }
    ],
    "materializers": [],
    "runtimes": [],
    "policies": [],
    "meta": {
      "secrets": [],
      "cors": {
        "allow_origin": [],
        "allow_headers": [],
        "expose_headers": [],
        "allow_methods": [],
        "allow_credentials": false,
        "max_age_sec": null
      },
      "auths": [],
      "rate": null,
      "version": "0.0.1"
    }
  }
]
