export const snapshot = {};

snapshot[`types 1`] = `
"[
" +
  "  {
" +
  '    "\$id": "https://metatype.dev/specs/0.0.1.json",
' +
  '    "types": [
' +
  "      {
" +
  '        "type": "object",
' +
  '        "title": "test-types",
' +
  '        "runtime": 0,
' +
  '        "policies": [],
' +
  '        "config": {},
' +
  '        "properties": {
' +
  '          "one": 1,
' +
  '          "two": 5
' +
  "        },
" +
  '        "required": [
' +
  '          "one",
' +
  '          "two"
' +
  "        ]
" +
  "      },
" +
  "      {
" +
  '        "type": "function",
' +
  '        "title": "func_10",
' +
  '        "runtime": 0,
' +
  '        "policies": [],
' +
  '        "config": {},
' +
  '        "input": 2,
' +
  '        "output": 3,
' +
  '        "materializer": 0,
' +
  '        "rate_weight": null,
' +
  '        "rate_calls": false
' +
  "      },
" +
  "      {
" +
  '        "type": "object",
' +
  '        "title": "object_4",
' +
  '        "runtime": 0,
' +
  '        "policies": [],
' +
  '        "config": {},
' +
  '        "properties": {
' +
  '          "a": 3,
' +
  '          "b": 4
' +
  "        },
" +
  '        "required": []
' +
  "      },
" +
  "      {
" +
  '        "type": "integer",
' +
  '        "title": "integer_0",
' +
  '        "runtime": 0,
' +
  '        "policies": [],
' +
  '        "config": {}
' +
  "      },
" +
  "      {
" +
  '        "type": "integer",
' +
  '        "title": "integer_3",
' +
  '        "runtime": 0,
' +
  '        "policies": [],
' +
  '        "config": {}
' +
  "      },
" +
  "      {
" +
  '        "type": "function",
' +
  '        "title": "func_11",
' +
  '        "runtime": 0,
' +
  '        "policies": [],
' +
  '        "config": {},
' +
  '        "input": 6,
' +
  '        "output": 8,
' +
  '        "materializer": 0,
' +
  '        "rate_weight": null,
' +
  '        "rate_calls": false
' +
  "      },
" +
  "      {
" +
  '        "type": "object",
' +
  '        "title": "object_7",
' +
  '        "runtime": 0,
' +
  '        "policies": [],
' +
  '        "config": {},
' +
  '        "properties": {
' +
  '          "id": 7,
' +
  '          "post": 8
' +
  "        },
" +
  '        "required": []
' +
  "      },
" +
  "      {
" +
  '        "type": "integer",
' +
  '        "title": "integer_5",
' +
  '        "runtime": 0,
' +
  '        "policies": [],
' +
  '        "config": {}
' +
  "      },
" +
  "      {
" +
  '        "type": "object",
' +
  '        "title": "object_9",
' +
  '        "runtime": 0,
' +
  '        "policies": [],
' +
  '        "config": {},
' +
  '        "properties": {
' +
  '          "id": 9,
' +
  '          "author": 6
' +
  "        },
" +
  '        "required": []
' +
  "      },
" +
  "      {
" +
  '        "type": "integer",
' +
  '        "title": "integer_8",
' +
  '        "runtime": 0,
' +
  '        "policies": [],
' +
  '        "config": {}
' +
  "      }
" +
  "    ],
" +
  '    "materializers": [],
' +
  '    "runtimes": [],
' +
  '    "policies": [],
' +
  '    "meta": {
' +
  '      "secrets": [],
' +
  '      "cors": {
' +
  '        "allow_origin": [],
' +
  '        "allow_headers": [],
' +
  '        "expose_headers": [],
' +
  '        "allow_methods": [],
' +
  '        "allow_credentials": false,
' +
  '        "max_age_sec": null
' +
  "      },
" +
  '      "auths": [],
' +
  '      "rate": null,
' +
  '      "version": "0.0.1"
' +
  "    }
" +
  "  }
" +
  "]"
`;
