export const snapshot = {};

snapshot[`GraphQL parser 1`] = `
[
  {
    config: {},
    policies: [
    ],
    properties: {
      query: 14,
    },
    required: [
    ],
    runtime: 0,
    title: "graphql_namespaces",
    type: "object",
  },
  {
    config: {},
    policies: [
      0,
    ],
    properties: {
      find: 2,
      profile: 8,
      update: 7,
    },
    required: [
    ],
    runtime: 0,
    title: "user_namespace",
    type: "object",
  },
  {
    config: {},
    input: 3,
    materializer: 1,
    output: 5,
    policies: [
    ],
    rate_calls: false,
    rate_weight: null,
    runtime: 1,
    title: "function_7",
    type: "function",
  },
  {
    config: {},
    policies: [
    ],
    properties: {
      id: 4,
    },
    required: [
    ],
    runtime: 1,
    title: "object_6",
    type: "object",
  },
  {
    config: {},
    format: "uuid",
    policies: [
    ],
    runtime: 1,
    title: "user_id",
    type: "string",
  },
  {
    config: {},
    policies: [
    ],
    properties: {
      id: 4,
      name: 6,
    },
    required: [
    ],
    runtime: 1,
    title: "user_model",
    type: "object",
  },
  {
    config: {},
    policies: [
    ],
    runtime: 1,
    title: "string_2",
    type: "string",
  },
  {
    config: {},
    input: 5,
    materializer: 2,
    output: 5,
    policies: [
    ],
    rate_calls: false,
    rate_weight: null,
    runtime: 1,
    title: "function_8",
    type: "function",
  },
  {
    config: {},
    policies: [
    ],
    properties: {
      picture: 9,
      setPicture: 13,
    },
    required: [
    ],
    runtime: 0,
    title: "profile_namespace",
    type: "object",
  },
  {
    config: {},
    input: 10,
    materializer: 1,
    output: 11,
    policies: [
    ],
    rate_calls: false,
    rate_weight: null,
    runtime: 1,
    title: "function_10",
    type: "function",
  },
  {
    config: {},
    policies: [
    ],
    properties: {
      id: 4,
    },
    required: [
    ],
    runtime: 1,
    title: "object_9",
    type: "object",
  },
  {
    config: {},
    policies: [
    ],
    properties: {
      id: 4,
      url: 12,
    },
    required: [
    ],
    runtime: 1,
    title: "picture_model",
    type: "object",
  },
  {
    config: {},
    format: "uri",
    policies: [
    ],
    runtime: 1,
    title: "string_4",
    type: "string",
  },
  {
    config: {},
    input: 11,
    materializer: 2,
    output: 11,
    policies: [
    ],
    rate_calls: false,
    rate_weight: null,
    runtime: 1,
    title: "function_11",
    type: "function",
  },
  {
    policies: [
    ],
    properties: {
      user: 1,
    },
    runtime: -1,
    title: "Query",
    type: "object",
  },
]
`;
